// Jest Snapshot v1, https://goo.gl/fbAQLP

exports[`UIAnchor renders correctly 1`] = `
<a
  className="anc"
>
  test
</a>
`;
