// Jest Snapshot v1, https://goo.gl/fbAQLP

exports[`UIButton renders correctly 1`] = `
<button
  className="btn"
>
  test
</button>
`;
